../Core/Src/lora278.c:11:20:LoRa_SPI_Begin	16	static
../Core/Src/lora278.c:15:20:LoRa_SPI_End	16	static
../Core/Src/lora278.c:24:9:LoRa_ReadReg	32	static
../Core/Src/lora278.c:38:6:LoRa_WriteReg	32	static
../Core/Src/lora278.c:50:6:LoRa_Sleep	8	static
../Core/Src/lora278.c:53:6:LoRa_Idle	8	static
../Core/Src/lora278.c:58:13:LoRa_SetLdoFlag	24	static
../Core/Src/lora278.c:70:6:LoRa_SetTxPower	16	static
../Core/Src/lora278.c:90:6:LoRa_SetFrequency	32	static
../Core/Src/lora278.c:97:5:LoRa_GetSpreadingFactor	8	static
../Core/Src/lora278.c:101:6:LoRa_SetSpreadingFactor	24	static
../Core/Src/lora278.c:115:6:LoRa_GetSignalBandwidth	64	static
../Core/Src/lora278.c:121:6:LoRa_SetSignalBandwidth	24	static
../Core/Src/lora278.c:139:6:LoRa_SetCodingRate4	24	static
../Core/Src/lora278.c:146:6:LoRa_SetPreambleLength	16	static
../Core/Src/lora278.c:151:6:LoRa_SetSyncWord	16	static
../Core/Src/lora278.c:155:6:LoRa_EnableCrc	8	static
../Core/Src/lora278.c:158:6:LoRa_DisableCrc	8	static
../Core/Src/lora278.c:163:6:LoRa_Begin	16	static
../Core/Src/lora278.c:185:6:LoRa_BeginPacket	16	static
../Core/Src/lora278.c:197:8:LoRa_Write	280	static
../Core/Src/lora278.c:215:5:LoRa_EndPacket	24	static
../Core/Src/lora278.c:232:5:LoRa_ParsePacket	24	static
../Core/Src/lora278.c:261:5:LoRa_Available	8	static
../Core/Src/lora278.c:265:5:LoRa_Read	8	static
../Core/Src/lora278.c:271:5:LoRa_PacketRssi	16	static
../Core/Src/lora278.c:275:7:LoRa_PacketSnr	8	static
../Core/Src/lora278.c:279:6:LoRa_Init	8	static
../Core/Src/lora278.c:286:6:LoRa_End	8	static
../Core/Src/lora278.c:291:6:LoRa_OnReceive	24	static
../Core/Src/lora278.c:302:6:LoRa_Receive	16	static
../Core/Src/lora278.c:318:6:LoRa_HandleDio0Rise	16	static
