../Core/Src/bmp388.c:9:13:SPI_CS_Low	8	static
../Core/Src/bmp388.c:13:13:SPI_CS_High	8	static
../Core/Src/bmp388.c:17:16:SPI_WriteByte	32	static
../Core/Src/bmp388.c:24:9:BMP388_ReadReg	24	static
../Core/Src/bmp388.c:34:13:BMP388_ReadRegs	24	static
../Core/Src/bmp388.c:43:13:BMP388_WriteReg	24	static
../Core/Src/bmp388.c:51:16:BMP388_ReadCalib	32	static
../Core/Src/bmp388.c:74:13:BMP388_Compensate	56	static
../Core/Src/bmp388.c:96:9:BMP388_Init	32	static
../Core/Src/bmp388.c:129:9:BMP388_Read	32	static
../Core/Src/bmp388.c:147:7:BMP388_Altitude	24	static
